Found 14 test(s).
Creating test database for alias 'default'...
System check identified no issues (0 silenced).
EEEEEEEEFFEEEE
======================================================================
ERROR: test_create_medicine (patients.tests.PatientMedicineTests.test_create_medicine)
Test creating a new medicine record with valid data
----------------------------------------------------------------------
Traceback (most recent call last):
  File "/home/mohammadamin/projects/OTeCH-MS/venv/lib/python3.13/site-packages/django/db/backends/utils.py", line 105, in _execute
    return self.cursor.execute(sql, params)
           ~~~~~~~~~~~~~~~~~~~^^^^^^^^^^^^^
psycopg2.errors.NotNullViolation: null value in column "birthdate" of relation "patients_patient" violates not-null constraint
DETAIL:  Failing row contains (1, , null, , , , 1, , , , , , , , , , , , , , , , , , , , , , , , , null, , , , 2025-07-13 10:41:54.020646+00, , null, , null, , , , , , , , , , , , , , , null).


The above exception was the direct cause of the following exception:

Traceback (most recent call last):
  File "/home/mohammadamin/projects/OTeCH-MS/patients/tests.py", line 163, in setUp
    self.patient = Patient.objects.create(user=self.user)
                   ~~~~~~~~~~~~~~~~~~~~~~^^^^^^^^^^^^^^^^
  File "/home/mohammadamin/projects/OTeCH-MS/venv/lib/python3.13/site-packages/django/db/models/manager.py", line 87, in manager_method
    return getattr(self.get_queryset(), name)(*args, **kwargs)
           ~~~~~~~~~~~~~~~~~~~~~~~~~~~~~~~~~~^^^^^^^^^^^^^^^^^
  File "/home/mohammadamin/projects/OTeCH-MS/venv/lib/python3.13/site-packages/django/db/models/query.py", line 663, in create
    obj.save(force_insert=True, using=self.db)
    ~~~~~~~~^^^^^^^^^^^^^^^^^^^^^^^^^^^^^^^^^^
  File "/home/mohammadamin/projects/OTeCH-MS/venv/lib/python3.13/site-packages/django/db/models/base.py", line 902, in save
    self.save_base(
    ~~~~~~~~~~~~~~^
        using=using,
        ^^^^^^^^^^^^
    ...<2 lines>...
        update_fields=update_fields,
        ^^^^^^^^^^^^^^^^^^^^^^^^^^^^
    )
    ^
  File "/home/mohammadamin/projects/OTeCH-MS/venv/lib/python3.13/site-packages/django/db/models/base.py", line 1008, in save_base
    updated = self._save_table(
        raw,
    ...<4 lines>...
        update_fields,
    )
  File "/home/mohammadamin/projects/OTeCH-MS/venv/lib/python3.13/site-packages/django/db/models/base.py", line 1169, in _save_table
    results = self._do_insert(
        cls._base_manager, using, fields, returning_fields, raw
    )
  File "/home/mohammadamin/projects/OTeCH-MS/venv/lib/python3.13/site-packages/django/db/models/base.py", line 1210, in _do_insert
    return manager._insert(
           ~~~~~~~~~~~~~~~^
        [self],
        ^^^^^^^
    ...<3 lines>...
        raw=raw,
        ^^^^^^^^
    )
    ^
  File "/home/mohammadamin/projects/OTeCH-MS/venv/lib/python3.13/site-packages/django/db/models/manager.py", line 87, in manager_method
    return getattr(self.get_queryset(), name)(*args, **kwargs)
           ~~~~~~~~~~~~~~~~~~~~~~~~~~~~~~~~~~^^^^^^^^^^^^^^^^^
  File "/home/mohammadamin/projects/OTeCH-MS/venv/lib/python3.13/site-packages/django/db/models/query.py", line 1868, in _insert
    return query.get_compiler(using=using).execute_sql(returning_fields)
           ~~~~~~~~~~~~~~~~~~~~~~~~~~~~~~~~~~~~~~~~~~~^^^^^^^^^^^^^^^^^^
  File "/home/mohammadamin/projects/OTeCH-MS/venv/lib/python3.13/site-packages/django/db/models/sql/compiler.py", line 1882, in execute_sql
    cursor.execute(sql, params)
    ~~~~~~~~~~~~~~^^^^^^^^^^^^^
  File "/home/mohammadamin/projects/OTeCH-MS/venv/lib/python3.13/site-packages/django/db/backends/utils.py", line 79, in execute
    return self._execute_with_wrappers(
           ~~~~~~~~~~~~~~~~~~~~~~~~~~~^
        sql, params, many=False, executor=self._execute
        ^^^^^^^^^^^^^^^^^^^^^^^^^^^^^^^^^^^^^^^^^^^^^^^
    )
    ^
  File "/home/mohammadamin/projects/OTeCH-MS/venv/lib/python3.13/site-packages/django/db/backends/utils.py", line 92, in _execute_with_wrappers
    return executor(sql, params, many, context)
  File "/home/mohammadamin/projects/OTeCH-MS/venv/lib/python3.13/site-packages/django/db/backends/utils.py", line 100, in _execute
    with self.db.wrap_database_errors:
         ^^^^^^^^^^^^^^^^^^^^^^^^^^^^
  File "/home/mohammadamin/projects/OTeCH-MS/venv/lib/python3.13/site-packages/django/db/utils.py", line 91, in __exit__
    raise dj_exc_value.with_traceback(traceback) from exc_value
  File "/home/mohammadamin/projects/OTeCH-MS/venv/lib/python3.13/site-packages/django/db/backends/utils.py", line 105, in _execute
    return self.cursor.execute(sql, params)
           ~~~~~~~~~~~~~~~~~~~^^^^^^^^^^^^^
django.db.utils.IntegrityError: null value in column "birthdate" of relation "patients_patient" violates not-null constraint
DETAIL:  Failing row contains (1, , null, , , , 1, , , , , , , , , , , , , , , , , , , , , , , , , null, , , , 2025-07-13 10:41:54.020646+00, , null, , null, , , , , , , , , , , , , , , null).


======================================================================
ERROR: test_delete_medicine (patients.tests.PatientMedicineTests.test_delete_medicine)
Test deletion of existing medicine record
----------------------------------------------------------------------
Traceback (most recent call last):
  File "/home/mohammadamin/projects/OTeCH-MS/venv/lib/python3.13/site-packages/django/db/backends/utils.py", line 105, in _execute
    return self.cursor.execute(sql, params)
           ~~~~~~~~~~~~~~~~~~~^^^^^^^^^^^^^
psycopg2.errors.NotNullViolation: null value in column "birthdate" of relation "patients_patient" violates not-null constraint
DETAIL:  Failing row contains (2, , null, , , , 2, , , , , , , , , , , , , , , , , , , , , , , , , null, , , , 2025-07-13 10:41:54.162378+00, , null, , null, , , , , , , , , , , , , , , null).


The above exception was the direct cause of the following exception:

Traceback (most recent call last):
  File "/home/mohammadamin/projects/OTeCH-MS/patients/tests.py", line 163, in setUp
    self.patient = Patient.objects.create(user=self.user)
                   ~~~~~~~~~~~~~~~~~~~~~~^^^^^^^^^^^^^^^^
  File "/home/mohammadamin/projects/OTeCH-MS/venv/lib/python3.13/site-packages/django/db/models/manager.py", line 87, in manager_method
    return getattr(self.get_queryset(), name)(*args, **kwargs)
           ~~~~~~~~~~~~~~~~~~~~~~~~~~~~~~~~~~^^^^^^^^^^^^^^^^^
  File "/home/mohammadamin/projects/OTeCH-MS/venv/lib/python3.13/site-packages/django/db/models/query.py", line 663, in create
    obj.save(force_insert=True, using=self.db)
    ~~~~~~~~^^^^^^^^^^^^^^^^^^^^^^^^^^^^^^^^^^
  File "/home/mohammadamin/projects/OTeCH-MS/venv/lib/python3.13/site-packages/django/db/models/base.py", line 902, in save
    self.save_base(
    ~~~~~~~~~~~~~~^
        using=using,
        ^^^^^^^^^^^^
    ...<2 lines>...
        update_fields=update_fields,
        ^^^^^^^^^^^^^^^^^^^^^^^^^^^^
    )
    ^
  File "/home/mohammadamin/projects/OTeCH-MS/venv/lib/python3.13/site-packages/django/db/models/base.py", line 1008, in save_base
    updated = self._save_table(
        raw,
    ...<4 lines>...
        update_fields,
    )
  File "/home/mohammadamin/projects/OTeCH-MS/venv/lib/python3.13/site-packages/django/db/models/base.py", line 1169, in _save_table
    results = self._do_insert(
        cls._base_manager, using, fields, returning_fields, raw
    )
  File "/home/mohammadamin/projects/OTeCH-MS/venv/lib/python3.13/site-packages/django/db/models/base.py", line 1210, in _do_insert
    return manager._insert(
           ~~~~~~~~~~~~~~~^
        [self],
        ^^^^^^^
    ...<3 lines>...
        raw=raw,
        ^^^^^^^^
    )
    ^
  File "/home/mohammadamin/projects/OTeCH-MS/venv/lib/python3.13/site-packages/django/db/models/manager.py", line 87, in manager_method
    return getattr(self.get_queryset(), name)(*args, **kwargs)
           ~~~~~~~~~~~~~~~~~~~~~~~~~~~~~~~~~~^^^^^^^^^^^^^^^^^
  File "/home/mohammadamin/projects/OTeCH-MS/venv/lib/python3.13/site-packages/django/db/models/query.py", line 1868, in _insert
    return query.get_compiler(using=using).execute_sql(returning_fields)
           ~~~~~~~~~~~~~~~~~~~~~~~~~~~~~~~~~~~~~~~~~~~^^^^^^^^^^^^^^^^^^
  File "/home/mohammadamin/projects/OTeCH-MS/venv/lib/python3.13/site-packages/django/db/models/sql/compiler.py", line 1882, in execute_sql
    cursor.execute(sql, params)
    ~~~~~~~~~~~~~~^^^^^^^^^^^^^
  File "/home/mohammadamin/projects/OTeCH-MS/venv/lib/python3.13/site-packages/django/db/backends/utils.py", line 79, in execute
    return self._execute_with_wrappers(
           ~~~~~~~~~~~~~~~~~~~~~~~~~~~^
        sql, params, many=False, executor=self._execute
        ^^^^^^^^^^^^^^^^^^^^^^^^^^^^^^^^^^^^^^^^^^^^^^^
    )
    ^
  File "/home/mohammadamin/projects/OTeCH-MS/venv/lib/python3.13/site-packages/django/db/backends/utils.py", line 92, in _execute_with_wrappers
    return executor(sql, params, many, context)
  File "/home/mohammadamin/projects/OTeCH-MS/venv/lib/python3.13/site-packages/django/db/backends/utils.py", line 100, in _execute
    with self.db.wrap_database_errors:
         ^^^^^^^^^^^^^^^^^^^^^^^^^^^^
  File "/home/mohammadamin/projects/OTeCH-MS/venv/lib/python3.13/site-packages/django/db/utils.py", line 91, in __exit__
    raise dj_exc_value.with_traceback(traceback) from exc_value
  File "/home/mohammadamin/projects/OTeCH-MS/venv/lib/python3.13/site-packages/django/db/backends/utils.py", line 105, in _execute
    return self.cursor.execute(sql, params)
           ~~~~~~~~~~~~~~~~~~~^^^^^^^^^^^^^
django.db.utils.IntegrityError: null value in column "birthdate" of relation "patients_patient" violates not-null constraint
DETAIL:  Failing row contains (2, , null, , , , 2, , , , , , , , , , , , , , , , , , , , , , , , , null, , , , 2025-07-13 10:41:54.162378+00, , null, , null, , , , , , , , , , , , , , , null).


======================================================================
ERROR: test_list_medicines (patients.tests.PatientMedicineTests.test_list_medicines)
Test retrieving list of medicines for authenticated patient
----------------------------------------------------------------------
Traceback (most recent call last):
  File "/home/mohammadamin/projects/OTeCH-MS/venv/lib/python3.13/site-packages/django/db/backends/utils.py", line 105, in _execute
    return self.cursor.execute(sql, params)
           ~~~~~~~~~~~~~~~~~~~^^^^^^^^^^^^^
psycopg2.errors.NotNullViolation: null value in column "birthdate" of relation "patients_patient" violates not-null constraint
DETAIL:  Failing row contains (3, , null, , , , 3, , , , , , , , , , , , , , , , , , , , , , , , , null, , , , 2025-07-13 10:41:54.301467+00, , null, , null, , , , , , , , , , , , , , , null).


The above exception was the direct cause of the following exception:

Traceback (most recent call last):
  File "/home/mohammadamin/projects/OTeCH-MS/patients/tests.py", line 163, in setUp
    self.patient = Patient.objects.create(user=self.user)
                   ~~~~~~~~~~~~~~~~~~~~~~^^^^^^^^^^^^^^^^
  File "/home/mohammadamin/projects/OTeCH-MS/venv/lib/python3.13/site-packages/django/db/models/manager.py", line 87, in manager_method
    return getattr(self.get_queryset(), name)(*args, **kwargs)
           ~~~~~~~~~~~~~~~~~~~~~~~~~~~~~~~~~~^^^^^^^^^^^^^^^^^
  File "/home/mohammadamin/projects/OTeCH-MS/venv/lib/python3.13/site-packages/django/db/models/query.py", line 663, in create
    obj.save(force_insert=True, using=self.db)
    ~~~~~~~~^^^^^^^^^^^^^^^^^^^^^^^^^^^^^^^^^^
  File "/home/mohammadamin/projects/OTeCH-MS/venv/lib/python3.13/site-packages/django/db/models/base.py", line 902, in save
    self.save_base(
    ~~~~~~~~~~~~~~^
        using=using,
        ^^^^^^^^^^^^
    ...<2 lines>...
        update_fields=update_fields,
        ^^^^^^^^^^^^^^^^^^^^^^^^^^^^
    )
    ^
  File "/home/mohammadamin/projects/OTeCH-MS/venv/lib/python3.13/site-packages/django/db/models/base.py", line 1008, in save_base
    updated = self._save_table(
        raw,
    ...<4 lines>...
        update_fields,
    )
  File "/home/mohammadamin/projects/OTeCH-MS/venv/lib/python3.13/site-packages/django/db/models/base.py", line 1169, in _save_table
    results = self._do_insert(
        cls._base_manager, using, fields, returning_fields, raw
    )
  File "/home/mohammadamin/projects/OTeCH-MS/venv/lib/python3.13/site-packages/django/db/models/base.py", line 1210, in _do_insert
    return manager._insert(
           ~~~~~~~~~~~~~~~^
        [self],
        ^^^^^^^
    ...<3 lines>...
        raw=raw,
        ^^^^^^^^
    )
    ^
  File "/home/mohammadamin/projects/OTeCH-MS/venv/lib/python3.13/site-packages/django/db/models/manager.py", line 87, in manager_method
    return getattr(self.get_queryset(), name)(*args, **kwargs)
           ~~~~~~~~~~~~~~~~~~~~~~~~~~~~~~~~~~^^^^^^^^^^^^^^^^^
  File "/home/mohammadamin/projects/OTeCH-MS/venv/lib/python3.13/site-packages/django/db/models/query.py", line 1868, in _insert
    return query.get_compiler(using=using).execute_sql(returning_fields)
           ~~~~~~~~~~~~~~~~~~~~~~~~~~~~~~~~~~~~~~~~~~~^^^^^^^^^^^^^^^^^^
  File "/home/mohammadamin/projects/OTeCH-MS/venv/lib/python3.13/site-packages/django/db/models/sql/compiler.py", line 1882, in execute_sql
    cursor.execute(sql, params)
    ~~~~~~~~~~~~~~^^^^^^^^^^^^^
  File "/home/mohammadamin/projects/OTeCH-MS/venv/lib/python3.13/site-packages/django/db/backends/utils.py", line 79, in execute
    return self._execute_with_wrappers(
           ~~~~~~~~~~~~~~~~~~~~~~~~~~~^
        sql, params, many=False, executor=self._execute
        ^^^^^^^^^^^^^^^^^^^^^^^^^^^^^^^^^^^^^^^^^^^^^^^
    )
    ^
  File "/home/mohammadamin/projects/OTeCH-MS/venv/lib/python3.13/site-packages/django/db/backends/utils.py", line 92, in _execute_with_wrappers
    return executor(sql, params, many, context)
  File "/home/mohammadamin/projects/OTeCH-MS/venv/lib/python3.13/site-packages/django/db/backends/utils.py", line 100, in _execute
    with self.db.wrap_database_errors:
         ^^^^^^^^^^^^^^^^^^^^^^^^^^^^
  File "/home/mohammadamin/projects/OTeCH-MS/venv/lib/python3.13/site-packages/django/db/utils.py", line 91, in __exit__
    raise dj_exc_value.with_traceback(traceback) from exc_value
  File "/home/mohammadamin/projects/OTeCH-MS/venv/lib/python3.13/site-packages/django/db/backends/utils.py", line 105, in _execute
    return self.cursor.execute(sql, params)
           ~~~~~~~~~~~~~~~~~~~^^^^^^^^^^^^^
django.db.utils.IntegrityError: null value in column "birthdate" of relation "patients_patient" violates not-null constraint
DETAIL:  Failing row contains (3, , null, , , , 3, , , , , , , , , , , , , , , , , , , , , , , , , null, , , , 2025-07-13 10:41:54.301467+00, , null, , null, , , , , , , , , , , , , , , null).


======================================================================
ERROR: test_medicine_validation (patients.tests.PatientMedicineTests.test_medicine_validation)
Test validation of medicine model constraints
----------------------------------------------------------------------
Traceback (most recent call last):
  File "/home/mohammadamin/projects/OTeCH-MS/venv/lib/python3.13/site-packages/django/db/backends/utils.py", line 105, in _execute
    return self.cursor.execute(sql, params)
           ~~~~~~~~~~~~~~~~~~~^^^^^^^^^^^^^
psycopg2.errors.NotNullViolation: null value in column "birthdate" of relation "patients_patient" violates not-null constraint
DETAIL:  Failing row contains (4, , null, , , , 4, , , , , , , , , , , , , , , , , , , , , , , , , null, , , , 2025-07-13 10:41:54.438097+00, , null, , null, , , , , , , , , , , , , , , null).


The above exception was the direct cause of the following exception:

Traceback (most recent call last):
  File "/home/mohammadamin/projects/OTeCH-MS/patients/tests.py", line 163, in setUp
    self.patient = Patient.objects.create(user=self.user)
                   ~~~~~~~~~~~~~~~~~~~~~~^^^^^^^^^^^^^^^^
  File "/home/mohammadamin/projects/OTeCH-MS/venv/lib/python3.13/site-packages/django/db/models/manager.py", line 87, in manager_method
    return getattr(self.get_queryset(), name)(*args, **kwargs)
           ~~~~~~~~~~~~~~~~~~~~~~~~~~~~~~~~~~^^^^^^^^^^^^^^^^^
  File "/home/mohammadamin/projects/OTeCH-MS/venv/lib/python3.13/site-packages/django/db/models/query.py", line 663, in create
    obj.save(force_insert=True, using=self.db)
    ~~~~~~~~^^^^^^^^^^^^^^^^^^^^^^^^^^^^^^^^^^
  File "/home/mohammadamin/projects/OTeCH-MS/venv/lib/python3.13/site-packages/django/db/models/base.py", line 902, in save
    self.save_base(
    ~~~~~~~~~~~~~~^
        using=using,
        ^^^^^^^^^^^^
    ...<2 lines>...
        update_fields=update_fields,
        ^^^^^^^^^^^^^^^^^^^^^^^^^^^^
    )
    ^
  File "/home/mohammadamin/projects/OTeCH-MS/venv/lib/python3.13/site-packages/django/db/models/base.py", line 1008, in save_base
    updated = self._save_table(
        raw,
    ...<4 lines>...
        update_fields,
    )
  File "/home/mohammadamin/projects/OTeCH-MS/venv/lib/python3.13/site-packages/django/db/models/base.py", line 1169, in _save_table
    results = self._do_insert(
        cls._base_manager, using, fields, returning_fields, raw
    )
  File "/home/mohammadamin/projects/OTeCH-MS/venv/lib/python3.13/site-packages/django/db/models/base.py", line 1210, in _do_insert
    return manager._insert(
           ~~~~~~~~~~~~~~~^
        [self],
        ^^^^^^^
    ...<3 lines>...
        raw=raw,
        ^^^^^^^^
    )
    ^
  File "/home/mohammadamin/projects/OTeCH-MS/venv/lib/python3.13/site-packages/django/db/models/manager.py", line 87, in manager_method
    return getattr(self.get_queryset(), name)(*args, **kwargs)
           ~~~~~~~~~~~~~~~~~~~~~~~~~~~~~~~~~~^^^^^^^^^^^^^^^^^
  File "/home/mohammadamin/projects/OTeCH-MS/venv/lib/python3.13/site-packages/django/db/models/query.py", line 1868, in _insert
    return query.get_compiler(using=using).execute_sql(returning_fields)
           ~~~~~~~~~~~~~~~~~~~~~~~~~~~~~~~~~~~~~~~~~~~^^^^^^^^^^^^^^^^^^
  File "/home/mohammadamin/projects/OTeCH-MS/venv/lib/python3.13/site-packages/django/db/models/sql/compiler.py", line 1882, in execute_sql
    cursor.execute(sql, params)
    ~~~~~~~~~~~~~~^^^^^^^^^^^^^
  File "/home/mohammadamin/projects/OTeCH-MS/venv/lib/python3.13/site-packages/django/db/backends/utils.py", line 79, in execute
    return self._execute_with_wrappers(
           ~~~~~~~~~~~~~~~~~~~~~~~~~~~^
        sql, params, many=False, executor=self._execute
        ^^^^^^^^^^^^^^^^^^^^^^^^^^^^^^^^^^^^^^^^^^^^^^^
    )
    ^
  File "/home/mohammadamin/projects/OTeCH-MS/venv/lib/python3.13/site-packages/django/db/backends/utils.py", line 92, in _execute_with_wrappers
    return executor(sql, params, many, context)
  File "/home/mohammadamin/projects/OTeCH-MS/venv/lib/python3.13/site-packages/django/db/backends/utils.py", line 100, in _execute
    with self.db.wrap_database_errors:
         ^^^^^^^^^^^^^^^^^^^^^^^^^^^^
  File "/home/mohammadamin/projects/OTeCH-MS/venv/lib/python3.13/site-packages/django/db/utils.py", line 91, in __exit__
    raise dj_exc_value.with_traceback(traceback) from exc_value
  File "/home/mohammadamin/projects/OTeCH-MS/venv/lib/python3.13/site-packages/django/db/backends/utils.py", line 105, in _execute
    return self.cursor.execute(sql, params)
           ~~~~~~~~~~~~~~~~~~~^^^^^^^^^^^^^
django.db.utils.IntegrityError: null value in column "birthdate" of relation "patients_patient" violates not-null constraint
DETAIL:  Failing row contains (4, , null, , , , 4, , , , , , , , , , , , , , , , , , , , , , , , , null, , , , 2025-07-13 10:41:54.438097+00, , null, , null, , , , , , , , , , , , , , , null).


======================================================================
ERROR: test_pagination (patients.tests.PatientMedicineTests.test_pagination)
Test medicine list pagination configuration
----------------------------------------------------------------------
Traceback (most recent call last):
  File "/home/mohammadamin/projects/OTeCH-MS/venv/lib/python3.13/site-packages/django/db/backends/utils.py", line 105, in _execute
    return self.cursor.execute(sql, params)
           ~~~~~~~~~~~~~~~~~~~^^^^^^^^^^^^^
psycopg2.errors.NotNullViolation: null value in column "birthdate" of relation "patients_patient" violates not-null constraint
DETAIL:  Failing row contains (5, , null, , , , 5, , , , , , , , , , , , , , , , , , , , , , , , , null, , , , 2025-07-13 10:41:54.575677+00, , null, , null, , , , , , , , , , , , , , , null).


The above exception was the direct cause of the following exception:

Traceback (most recent call last):
  File "/home/mohammadamin/projects/OTeCH-MS/patients/tests.py", line 163, in setUp
    self.patient = Patient.objects.create(user=self.user)
                   ~~~~~~~~~~~~~~~~~~~~~~^^^^^^^^^^^^^^^^
  File "/home/mohammadamin/projects/OTeCH-MS/venv/lib/python3.13/site-packages/django/db/models/manager.py", line 87, in manager_method
    return getattr(self.get_queryset(), name)(*args, **kwargs)
           ~~~~~~~~~~~~~~~~~~~~~~~~~~~~~~~~~~^^^^^^^^^^^^^^^^^
  File "/home/mohammadamin/projects/OTeCH-MS/venv/lib/python3.13/site-packages/django/db/models/query.py", line 663, in create
    obj.save(force_insert=True, using=self.db)
    ~~~~~~~~^^^^^^^^^^^^^^^^^^^^^^^^^^^^^^^^^^
  File "/home/mohammadamin/projects/OTeCH-MS/venv/lib/python3.13/site-packages/django/db/models/base.py", line 902, in save
    self.save_base(
    ~~~~~~~~~~~~~~^
        using=using,
        ^^^^^^^^^^^^
    ...<2 lines>...
        update_fields=update_fields,
        ^^^^^^^^^^^^^^^^^^^^^^^^^^^^
    )
    ^
  File "/home/mohammadamin/projects/OTeCH-MS/venv/lib/python3.13/site-packages/django/db/models/base.py", line 1008, in save_base
    updated = self._save_table(
        raw,
    ...<4 lines>...
        update_fields,
    )
  File "/home/mohammadamin/projects/OTeCH-MS/venv/lib/python3.13/site-packages/django/db/models/base.py", line 1169, in _save_table
    results = self._do_insert(
        cls._base_manager, using, fields, returning_fields, raw
    )
  File "/home/mohammadamin/projects/OTeCH-MS/venv/lib/python3.13/site-packages/django/db/models/base.py", line 1210, in _do_insert
    return manager._insert(
           ~~~~~~~~~~~~~~~^
        [self],
        ^^^^^^^
    ...<3 lines>...
        raw=raw,
        ^^^^^^^^
    )
    ^
  File "/home/mohammadamin/projects/OTeCH-MS/venv/lib/python3.13/site-packages/django/db/models/manager.py", line 87, in manager_method
    return getattr(self.get_queryset(), name)(*args, **kwargs)
           ~~~~~~~~~~~~~~~~~~~~~~~~~~~~~~~~~~^^^^^^^^^^^^^^^^^
  File "/home/mohammadamin/projects/OTeCH-MS/venv/lib/python3.13/site-packages/django/db/models/query.py", line 1868, in _insert
    return query.get_compiler(using=using).execute_sql(returning_fields)
           ~~~~~~~~~~~~~~~~~~~~~~~~~~~~~~~~~~~~~~~~~~~^^^^^^^^^^^^^^^^^^
  File "/home/mohammadamin/projects/OTeCH-MS/venv/lib/python3.13/site-packages/django/db/models/sql/compiler.py", line 1882, in execute_sql
    cursor.execute(sql, params)
    ~~~~~~~~~~~~~~^^^^^^^^^^^^^
  File "/home/mohammadamin/projects/OTeCH-MS/venv/lib/python3.13/site-packages/django/db/backends/utils.py", line 79, in execute
    return self._execute_with_wrappers(
           ~~~~~~~~~~~~~~~~~~~~~~~~~~~^
        sql, params, many=False, executor=self._execute
        ^^^^^^^^^^^^^^^^^^^^^^^^^^^^^^^^^^^^^^^^^^^^^^^
    )
    ^
  File "/home/mohammadamin/projects/OTeCH-MS/venv/lib/python3.13/site-packages/django/db/backends/utils.py", line 92, in _execute_with_wrappers
    return executor(sql, params, many, context)
  File "/home/mohammadamin/projects/OTeCH-MS/venv/lib/python3.13/site-packages/django/db/backends/utils.py", line 100, in _execute
    with self.db.wrap_database_errors:
         ^^^^^^^^^^^^^^^^^^^^^^^^^^^^
  File "/home/mohammadamin/projects/OTeCH-MS/venv/lib/python3.13/site-packages/django/db/utils.py", line 91, in __exit__
    raise dj_exc_value.with_traceback(traceback) from exc_value
  File "/home/mohammadamin/projects/OTeCH-MS/venv/lib/python3.13/site-packages/django/db/backends/utils.py", line 105, in _execute
    return self.cursor.execute(sql, params)
           ~~~~~~~~~~~~~~~~~~~^^^^^^^^^^^^^
django.db.utils.IntegrityError: null value in column "birthdate" of relation "patients_patient" violates not-null constraint
DETAIL:  Failing row contains (5, , null, , , , 5, , , , , , , , , , , , , , , , , , , , , , , , , null, , , , 2025-07-13 10:41:54.575677+00, , null, , null, , , , , , , , , , , , , , , null).


======================================================================
ERROR: test_retrieve_medicine (patients.tests.PatientMedicineTests.test_retrieve_medicine)
Test getting single medicine record by ID
----------------------------------------------------------------------
Traceback (most recent call last):
  File "/home/mohammadamin/projects/OTeCH-MS/venv/lib/python3.13/site-packages/django/db/backends/utils.py", line 105, in _execute
    return self.cursor.execute(sql, params)
           ~~~~~~~~~~~~~~~~~~~^^^^^^^^^^^^^
psycopg2.errors.NotNullViolation: null value in column "birthdate" of relation "patients_patient" violates not-null constraint
DETAIL:  Failing row contains (6, , null, , , , 6, , , , , , , , , , , , , , , , , , , , , , , , , null, , , , 2025-07-13 10:41:54.711579+00, , null, , null, , , , , , , , , , , , , , , null).


The above exception was the direct cause of the following exception:

Traceback (most recent call last):
  File "/home/mohammadamin/projects/OTeCH-MS/patients/tests.py", line 163, in setUp
    self.patient = Patient.objects.create(user=self.user)
                   ~~~~~~~~~~~~~~~~~~~~~~^^^^^^^^^^^^^^^^
  File "/home/mohammadamin/projects/OTeCH-MS/venv/lib/python3.13/site-packages/django/db/models/manager.py", line 87, in manager_method
    return getattr(self.get_queryset(), name)(*args, **kwargs)
           ~~~~~~~~~~~~~~~~~~~~~~~~~~~~~~~~~~^^^^^^^^^^^^^^^^^
  File "/home/mohammadamin/projects/OTeCH-MS/venv/lib/python3.13/site-packages/django/db/models/query.py", line 663, in create
    obj.save(force_insert=True, using=self.db)
    ~~~~~~~~^^^^^^^^^^^^^^^^^^^^^^^^^^^^^^^^^^
  File "/home/mohammadamin/projects/OTeCH-MS/venv/lib/python3.13/site-packages/django/db/models/base.py", line 902, in save
    self.save_base(
    ~~~~~~~~~~~~~~^
        using=using,
        ^^^^^^^^^^^^
    ...<2 lines>...
        update_fields=update_fields,
        ^^^^^^^^^^^^^^^^^^^^^^^^^^^^
    )
    ^
  File "/home/mohammadamin/projects/OTeCH-MS/venv/lib/python3.13/site-packages/django/db/models/base.py", line 1008, in save_base
    updated = self._save_table(
        raw,
    ...<4 lines>...
        update_fields,
    )
  File "/home/mohammadamin/projects/OTeCH-MS/venv/lib/python3.13/site-packages/django/db/models/base.py", line 1169, in _save_table
    results = self._do_insert(
        cls._base_manager, using, fields, returning_fields, raw
    )
  File "/home/mohammadamin/projects/OTeCH-MS/venv/lib/python3.13/site-packages/django/db/models/base.py", line 1210, in _do_insert
    return manager._insert(
           ~~~~~~~~~~~~~~~^
        [self],
        ^^^^^^^
    ...<3 lines>...
        raw=raw,
        ^^^^^^^^
    )
    ^
  File "/home/mohammadamin/projects/OTeCH-MS/venv/lib/python3.13/site-packages/django/db/models/manager.py", line 87, in manager_method
    return getattr(self.get_queryset(), name)(*args, **kwargs)
           ~~~~~~~~~~~~~~~~~~~~~~~~~~~~~~~~~~^^^^^^^^^^^^^^^^^
  File "/home/mohammadamin/projects/OTeCH-MS/venv/lib/python3.13/site-packages/django/db/models/query.py", line 1868, in _insert
    return query.get_compiler(using=using).execute_sql(returning_fields)
           ~~~~~~~~~~~~~~~~~~~~~~~~~~~~~~~~~~~~~~~~~~~^^^^^^^^^^^^^^^^^^
  File "/home/mohammadamin/projects/OTeCH-MS/venv/lib/python3.13/site-packages/django/db/models/sql/compiler.py", line 1882, in execute_sql
    cursor.execute(sql, params)
    ~~~~~~~~~~~~~~^^^^^^^^^^^^^
  File "/home/mohammadamin/projects/OTeCH-MS/venv/lib/python3.13/site-packages/django/db/backends/utils.py", line 79, in execute
    return self._execute_with_wrappers(
           ~~~~~~~~~~~~~~~~~~~~~~~~~~~^
        sql, params, many=False, executor=self._execute
        ^^^^^^^^^^^^^^^^^^^^^^^^^^^^^^^^^^^^^^^^^^^^^^^
    )
    ^
  File "/home/mohammadamin/projects/OTeCH-MS/venv/lib/python3.13/site-packages/django/db/backends/utils.py", line 92, in _execute_with_wrappers
    return executor(sql, params, many, context)
  File "/home/mohammadamin/projects/OTeCH-MS/venv/lib/python3.13/site-packages/django/db/backends/utils.py", line 100, in _execute
    with self.db.wrap_database_errors:
         ^^^^^^^^^^^^^^^^^^^^^^^^^^^^
  File "/home/mohammadamin/projects/OTeCH-MS/venv/lib/python3.13/site-packages/django/db/utils.py", line 91, in __exit__
    raise dj_exc_value.with_traceback(traceback) from exc_value
  File "/home/mohammadamin/projects/OTeCH-MS/venv/lib/python3.13/site-packages/django/db/backends/utils.py", line 105, in _execute
    return self.cursor.execute(sql, params)
           ~~~~~~~~~~~~~~~~~~~^^^^^^^^^^^^^
django.db.utils.IntegrityError: null value in column "birthdate" of relation "patients_patient" violates not-null constraint
DETAIL:  Failing row contains (6, , null, , , , 6, , , , , , , , , , , , , , , , , , , , , , , , , null, , , , 2025-07-13 10:41:54.711579+00, , null, , null, , , , , , , , , , , , , , , null).


======================================================================
ERROR: test_unauthorized_medicine_access (patients.tests.PatientMedicineTests.test_unauthorized_medicine_access)
Test user cannot access another patient's medicines
----------------------------------------------------------------------
Traceback (most recent call last):
  File "/home/mohammadamin/projects/OTeCH-MS/venv/lib/python3.13/site-packages/django/db/backends/utils.py", line 105, in _execute
    return self.cursor.execute(sql, params)
           ~~~~~~~~~~~~~~~~~~~^^^^^^^^^^^^^
psycopg2.errors.NotNullViolation: null value in column "birthdate" of relation "patients_patient" violates not-null constraint
DETAIL:  Failing row contains (7, , null, , , , 7, , , , , , , , , , , , , , , , , , , , , , , , , null, , , , 2025-07-13 10:41:54.84912+00, , null, , null, , , , , , , , , , , , , , , null).


The above exception was the direct cause of the following exception:

Traceback (most recent call last):
  File "/home/mohammadamin/projects/OTeCH-MS/patients/tests.py", line 163, in setUp
    self.patient = Patient.objects.create(user=self.user)
                   ~~~~~~~~~~~~~~~~~~~~~~^^^^^^^^^^^^^^^^
  File "/home/mohammadamin/projects/OTeCH-MS/venv/lib/python3.13/site-packages/django/db/models/manager.py", line 87, in manager_method
    return getattr(self.get_queryset(), name)(*args, **kwargs)
           ~~~~~~~~~~~~~~~~~~~~~~~~~~~~~~~~~~^^^^^^^^^^^^^^^^^
  File "/home/mohammadamin/projects/OTeCH-MS/venv/lib/python3.13/site-packages/django/db/models/query.py", line 663, in create
    obj.save(force_insert=True, using=self.db)
    ~~~~~~~~^^^^^^^^^^^^^^^^^^^^^^^^^^^^^^^^^^
  File "/home/mohammadamin/projects/OTeCH-MS/venv/lib/python3.13/site-packages/django/db/models/base.py", line 902, in save
    self.save_base(
    ~~~~~~~~~~~~~~^
        using=using,
        ^^^^^^^^^^^^
    ...<2 lines>...
        update_fields=update_fields,
        ^^^^^^^^^^^^^^^^^^^^^^^^^^^^
    )
    ^
  File "/home/mohammadamin/projects/OTeCH-MS/venv/lib/python3.13/site-packages/django/db/models/base.py", line 1008, in save_base
    updated = self._save_table(
        raw,
    ...<4 lines>...
        update_fields,
    )
  File "/home/mohammadamin/projects/OTeCH-MS/venv/lib/python3.13/site-packages/django/db/models/base.py", line 1169, in _save_table
    results = self._do_insert(
        cls._base_manager, using, fields, returning_fields, raw
    )
  File "/home/mohammadamin/projects/OTeCH-MS/venv/lib/python3.13/site-packages/django/db/models/base.py", line 1210, in _do_insert
    return manager._insert(
           ~~~~~~~~~~~~~~~^
        [self],
        ^^^^^^^
    ...<3 lines>...
        raw=raw,
        ^^^^^^^^
    )
    ^
  File "/home/mohammadamin/projects/OTeCH-MS/venv/lib/python3.13/site-packages/django/db/models/manager.py", line 87, in manager_method
    return getattr(self.get_queryset(), name)(*args, **kwargs)
           ~~~~~~~~~~~~~~~~~~~~~~~~~~~~~~~~~~^^^^^^^^^^^^^^^^^
  File "/home/mohammadamin/projects/OTeCH-MS/venv/lib/python3.13/site-packages/django/db/models/query.py", line 1868, in _insert
    return query.get_compiler(using=using).execute_sql(returning_fields)
           ~~~~~~~~~~~~~~~~~~~~~~~~~~~~~~~~~~~~~~~~~~~^^^^^^^^^^^^^^^^^^
  File "/home/mohammadamin/projects/OTeCH-MS/venv/lib/python3.13/site-packages/django/db/models/sql/compiler.py", line 1882, in execute_sql
    cursor.execute(sql, params)
    ~~~~~~~~~~~~~~^^^^^^^^^^^^^
  File "/home/mohammadamin/projects/OTeCH-MS/venv/lib/python3.13/site-packages/django/db/backends/utils.py", line 79, in execute
    return self._execute_with_wrappers(
           ~~~~~~~~~~~~~~~~~~~~~~~~~~~^
        sql, params, many=False, executor=self._execute
        ^^^^^^^^^^^^^^^^^^^^^^^^^^^^^^^^^^^^^^^^^^^^^^^
    )
    ^
  File "/home/mohammadamin/projects/OTeCH-MS/venv/lib/python3.13/site-packages/django/db/backends/utils.py", line 92, in _execute_with_wrappers
    return executor(sql, params, many, context)
  File "/home/mohammadamin/projects/OTeCH-MS/venv/lib/python3.13/site-packages/django/db/backends/utils.py", line 100, in _execute
    with self.db.wrap_database_errors:
         ^^^^^^^^^^^^^^^^^^^^^^^^^^^^
  File "/home/mohammadamin/projects/OTeCH-MS/venv/lib/python3.13/site-packages/django/db/utils.py", line 91, in __exit__
    raise dj_exc_value.with_traceback(traceback) from exc_value
  File "/home/mohammadamin/projects/OTeCH-MS/venv/lib/python3.13/site-packages/django/db/backends/utils.py", line 105, in _execute
    return self.cursor.execute(sql, params)
           ~~~~~~~~~~~~~~~~~~~^^^^^^^^^^^^^
django.db.utils.IntegrityError: null value in column "birthdate" of relation "patients_patient" violates not-null constraint
DETAIL:  Failing row contains (7, , null, , , , 7, , , , , , , , , , , , , , , , , , , , , , , , , null, , , , 2025-07-13 10:41:54.84912+00, , null, , null, , , , , , , , , , , , , , , null).


======================================================================
ERROR: test_update_medicine (patients.tests.PatientMedicineTests.test_update_medicine)
Test partial update of existing medicine record
----------------------------------------------------------------------
Traceback (most recent call last):
  File "/home/mohammadamin/projects/OTeCH-MS/venv/lib/python3.13/site-packages/django/db/backends/utils.py", line 105, in _execute
    return self.cursor.execute(sql, params)
           ~~~~~~~~~~~~~~~~~~~^^^^^^^^^^^^^
psycopg2.errors.NotNullViolation: null value in column "birthdate" of relation "patients_patient" violates not-null constraint
DETAIL:  Failing row contains (8, , null, , , , 8, , , , , , , , , , , , , , , , , , , , , , , , , null, , , , 2025-07-13 10:41:54.985026+00, , null, , null, , , , , , , , , , , , , , , null).


The above exception was the direct cause of the following exception:

Traceback (most recent call last):
  File "/home/mohammadamin/projects/OTeCH-MS/patients/tests.py", line 163, in setUp
    self.patient = Patient.objects.create(user=self.user)
                   ~~~~~~~~~~~~~~~~~~~~~~^^^^^^^^^^^^^^^^
  File "/home/mohammadamin/projects/OTeCH-MS/venv/lib/python3.13/site-packages/django/db/models/manager.py", line 87, in manager_method
    return getattr(self.get_queryset(), name)(*args, **kwargs)
           ~~~~~~~~~~~~~~~~~~~~~~~~~~~~~~~~~~^^^^^^^^^^^^^^^^^
  File "/home/mohammadamin/projects/OTeCH-MS/venv/lib/python3.13/site-packages/django/db/models/query.py", line 663, in create
    obj.save(force_insert=True, using=self.db)
    ~~~~~~~~^^^^^^^^^^^^^^^^^^^^^^^^^^^^^^^^^^
  File "/home/mohammadamin/projects/OTeCH-MS/venv/lib/python3.13/site-packages/django/db/models/base.py", line 902, in save
    self.save_base(
    ~~~~~~~~~~~~~~^
        using=using,
        ^^^^^^^^^^^^
    ...<2 lines>...
        update_fields=update_fields,
        ^^^^^^^^^^^^^^^^^^^^^^^^^^^^
    )
    ^
  File "/home/mohammadamin/projects/OTeCH-MS/venv/lib/python3.13/site-packages/django/db/models/base.py", line 1008, in save_base
    updated = self._save_table(
        raw,
    ...<4 lines>...
        update_fields,
    )
  File "/home/mohammadamin/projects/OTeCH-MS/venv/lib/python3.13/site-packages/django/db/models/base.py", line 1169, in _save_table
    results = self._do_insert(
        cls._base_manager, using, fields, returning_fields, raw
    )
  File "/home/mohammadamin/projects/OTeCH-MS/venv/lib/python3.13/site-packages/django/db/models/base.py", line 1210, in _do_insert
    return manager._insert(
           ~~~~~~~~~~~~~~~^
        [self],
        ^^^^^^^
    ...<3 lines>...
        raw=raw,
        ^^^^^^^^
    )
    ^
  File "/home/mohammadamin/projects/OTeCH-MS/venv/lib/python3.13/site-packages/django/db/models/manager.py", line 87, in manager_method
    return getattr(self.get_queryset(), name)(*args, **kwargs)
           ~~~~~~~~~~~~~~~~~~~~~~~~~~~~~~~~~~^^^^^^^^^^^^^^^^^
  File "/home/mohammadamin/projects/OTeCH-MS/venv/lib/python3.13/site-packages/django/db/models/query.py", line 1868, in _insert
    return query.get_compiler(using=using).execute_sql(returning_fields)
           ~~~~~~~~~~~~~~~~~~~~~~~~~~~~~~~~~~~~~~~~~~~^^^^^^^^^^^^^^^^^^
  File "/home/mohammadamin/projects/OTeCH-MS/venv/lib/python3.13/site-packages/django/db/models/sql/compiler.py", line 1882, in execute_sql
    cursor.execute(sql, params)
    ~~~~~~~~~~~~~~^^^^^^^^^^^^^
  File "/home/mohammadamin/projects/OTeCH-MS/venv/lib/python3.13/site-packages/django/db/backends/utils.py", line 79, in execute
    return self._execute_with_wrappers(
           ~~~~~~~~~~~~~~~~~~~~~~~~~~~^
        sql, params, many=False, executor=self._execute
        ^^^^^^^^^^^^^^^^^^^^^^^^^^^^^^^^^^^^^^^^^^^^^^^
    )
    ^
  File "/home/mohammadamin/projects/OTeCH-MS/venv/lib/python3.13/site-packages/django/db/backends/utils.py", line 92, in _execute_with_wrappers
    return executor(sql, params, many, context)
  File "/home/mohammadamin/projects/OTeCH-MS/venv/lib/python3.13/site-packages/django/db/backends/utils.py", line 100, in _execute
    with self.db.wrap_database_errors:
         ^^^^^^^^^^^^^^^^^^^^^^^^^^^^
  File "/home/mohammadamin/projects/OTeCH-MS/venv/lib/python3.13/site-packages/django/db/utils.py", line 91, in __exit__
    raise dj_exc_value.with_traceback(traceback) from exc_value
  File "/home/mohammadamin/projects/OTeCH-MS/venv/lib/python3.13/site-packages/django/db/backends/utils.py", line 105, in _execute
    return self.cursor.execute(sql, params)
           ~~~~~~~~~~~~~~~~~~~^^^^^^^^^^^^^
django.db.utils.IntegrityError: null value in column "birthdate" of relation "patients_patient" violates not-null constraint
DETAIL:  Failing row contains (8, , null, , , , 8, , , , , , , , , , , , , , , , , , , , , , , , , null, , , , 2025-07-13 10:41:54.985026+00, , null, , null, , , , , , , , , , , , , , , null).


======================================================================
ERROR: test_national_id_uniqueness (patients.tests.PatientRegistrationTests.test_national_id_uniqueness)
Test national ID uniqueness constraint enforcement
----------------------------------------------------------------------
Traceback (most recent call last):
  File "/home/mohammadamin/projects/OTeCH-MS/patients/tests.py", line 86, in setUp
    'temp_token': self.valid_token,
                  ^^^^^^^^^^^^^^^^
AttributeError: 'PatientRegistrationTests' object has no attribute 'valid_token'

======================================================================
ERROR: test_patient_registration_success (patients.tests.PatientRegistrationTests.test_patient_registration_success)
Test successful patient registration with valid data
----------------------------------------------------------------------
Traceback (most recent call last):
  File "/home/mohammadamin/projects/OTeCH-MS/patients/tests.py", line 86, in setUp
    'temp_token': self.valid_token,
                  ^^^^^^^^^^^^^^^^
AttributeError: 'PatientRegistrationTests' object has no attribute 'valid_token'

======================================================================
ERROR: test_registration_invalid_temp_token (patients.tests.PatientRegistrationTests.test_registration_invalid_temp_token)
Test registration fails with invalid temporary token
----------------------------------------------------------------------
Traceback (most recent call last):
  File "/home/mohammadamin/projects/OTeCH-MS/patients/tests.py", line 86, in setUp
    'temp_token': self.valid_token,
                  ^^^^^^^^^^^^^^^^
AttributeError: 'PatientRegistrationTests' object has no attribute 'valid_token'

======================================================================
ERROR: test_create_progress_entry (patients.tests.ProgressMonitoringTests.test_create_progress_entry)
Test creating new progress monitoring entry
----------------------------------------------------------------------
Traceback (most recent call last):
  File "/home/mohammadamin/projects/OTeCH-MS/venv/lib/python3.13/site-packages/django/db/backends/utils.py", line 105, in _execute
    return self.cursor.execute(sql, params)
           ~~~~~~~~~~~~~~~~~~~^^^^^^^^^^^^^
psycopg2.errors.NotNullViolation: null value in column "birthdate" of relation "patients_patient" violates not-null constraint
DETAIL:  Failing row contains (11, , null, , , , 11, , , , , , , , , , , , , , , , , , , , , , , , , null, , , , 2025-07-13 10:41:55.476631+00, , null, , null, , , , , , , , , , , , , , , null).


The above exception was the direct cause of the following exception:

Traceback (most recent call last):
  File "/home/mohammadamin/projects/OTeCH-MS/patients/tests.py", line 136, in setUp
    self.patient = Patient.objects.create(user=self.user)
                   ~~~~~~~~~~~~~~~~~~~~~~^^^^^^^^^^^^^^^^
  File "/home/mohammadamin/projects/OTeCH-MS/venv/lib/python3.13/site-packages/django/db/models/manager.py", line 87, in manager_method
    return getattr(self.get_queryset(), name)(*args, **kwargs)
           ~~~~~~~~~~~~~~~~~~~~~~~~~~~~~~~~~~^^^^^^^^^^^^^^^^^
  File "/home/mohammadamin/projects/OTeCH-MS/venv/lib/python3.13/site-packages/django/db/models/query.py", line 663, in create
    obj.save(force_insert=True, using=self.db)
    ~~~~~~~~^^^^^^^^^^^^^^^^^^^^^^^^^^^^^^^^^^
  File "/home/mohammadamin/projects/OTeCH-MS/venv/lib/python3.13/site-packages/django/db/models/base.py", line 902, in save
    self.save_base(
    ~~~~~~~~~~~~~~^
        using=using,
        ^^^^^^^^^^^^
    ...<2 lines>...
        update_fields=update_fields,
        ^^^^^^^^^^^^^^^^^^^^^^^^^^^^
    )
    ^
  File "/home/mohammadamin/projects/OTeCH-MS/venv/lib/python3.13/site-packages/django/db/models/base.py", line 1008, in save_base
    updated = self._save_table(
        raw,
    ...<4 lines>...
        update_fields,
    )
  File "/home/mohammadamin/projects/OTeCH-MS/venv/lib/python3.13/site-packages/django/db/models/base.py", line 1169, in _save_table
    results = self._do_insert(
        cls._base_manager, using, fields, returning_fields, raw
    )
  File "/home/mohammadamin/projects/OTeCH-MS/venv/lib/python3.13/site-packages/django/db/models/base.py", line 1210, in _do_insert
    return manager._insert(
           ~~~~~~~~~~~~~~~^
        [self],
        ^^^^^^^
    ...<3 lines>...
        raw=raw,
        ^^^^^^^^
    )
    ^
  File "/home/mohammadamin/projects/OTeCH-MS/venv/lib/python3.13/site-packages/django/db/models/manager.py", line 87, in manager_method
    return getattr(self.get_queryset(), name)(*args, **kwargs)
           ~~~~~~~~~~~~~~~~~~~~~~~~~~~~~~~~~~^^^^^^^^^^^^^^^^^
  File "/home/mohammadamin/projects/OTeCH-MS/venv/lib/python3.13/site-packages/django/db/models/query.py", line 1868, in _insert
    return query.get_compiler(using=using).execute_sql(returning_fields)
           ~~~~~~~~~~~~~~~~~~~~~~~~~~~~~~~~~~~~~~~~~~~^^^^^^^^^^^^^^^^^^
  File "/home/mohammadamin/projects/OTeCH-MS/venv/lib/python3.13/site-packages/django/db/models/sql/compiler.py", line 1882, in execute_sql
    cursor.execute(sql, params)
    ~~~~~~~~~~~~~~^^^^^^^^^^^^^
  File "/home/mohammadamin/projects/OTeCH-MS/venv/lib/python3.13/site-packages/django/db/backends/utils.py", line 79, in execute
    return self._execute_with_wrappers(
           ~~~~~~~~~~~~~~~~~~~~~~~~~~~^
        sql, params, many=False, executor=self._execute
        ^^^^^^^^^^^^^^^^^^^^^^^^^^^^^^^^^^^^^^^^^^^^^^^
    )
    ^
  File "/home/mohammadamin/projects/OTeCH-MS/venv/lib/python3.13/site-packages/django/db/backends/utils.py", line 92, in _execute_with_wrappers
    return executor(sql, params, many, context)
  File "/home/mohammadamin/projects/OTeCH-MS/venv/lib/python3.13/site-packages/django/db/backends/utils.py", line 100, in _execute
    with self.db.wrap_database_errors:
         ^^^^^^^^^^^^^^^^^^^^^^^^^^^^
  File "/home/mohammadamin/projects/OTeCH-MS/venv/lib/python3.13/site-packages/django/db/utils.py", line 91, in __exit__
    raise dj_exc_value.with_traceback(traceback) from exc_value
  File "/home/mohammadamin/projects/OTeCH-MS/venv/lib/python3.13/site-packages/django/db/backends/utils.py", line 105, in _execute
    return self.cursor.execute(sql, params)
           ~~~~~~~~~~~~~~~~~~~^^^^^^^^^^^^^
django.db.utils.IntegrityError: null value in column "birthdate" of relation "patients_patient" violates not-null constraint
DETAIL:  Failing row contains (11, , null, , , , 11, , , , , , , , , , , , , , , , , , , , , , , , , null, , , , 2025-07-13 10:41:55.476631+00, , null, , null, , , , , , , , , , , , , , , null).


======================================================================
FAIL: test_retrieve_profile_authenticated (patients.tests.PatientProfileTests.test_retrieve_profile_authenticated)
Test authenticated user can retrieve their profile
----------------------------------------------------------------------
Traceback (most recent call last):
  File "/home/mohammadamin/projects/OTeCH-MS/patients/tests.py", line 39, in test_retrieve_profile_authenticated
    self.assertEqual(response.status_code, status.HTTP_200_OK)
    ~~~~~~~~~~~~~~~~^^^^^^^^^^^^^^^^^^^^^^^^^^^^^^^^^^^^^^^^^^
AssertionError: 404 != 200

======================================================================
FAIL: test_unauthenticated_access (patients.tests.PatientProfileTests.test_unauthenticated_access)
Test profile endpoint requires authentication
----------------------------------------------------------------------
Traceback (most recent call last):
  File "/home/mohammadamin/projects/OTeCH-MS/patients/tests.py", line 47, in test_unauthenticated_access
    self.assertEqual(response.status_code, status.HTTP_401_UNAUTHORIZED)
    ~~~~~~~~~~~~~~~~^^^^^^^^^^^^^^^^^^^^^^^^^^^^^^^^^^^^^^^^^^^^^^^^^^^^
AssertionError: 404 != 401

----------------------------------------------------------------------
Ran 14 tests in 1.610s

FAILED (failures=2, errors=12)

